// 重构日志: 0958f85e
// 重构日志: 7aab60ad
// 同步 ID: d8a51464 @ Tue Jul 21 17:05:10 UTC 2026
// 重构日志: ebb69560
// 同步 ID: 518bb1e0 @ Wed Jul 22 14:01:00 UTC 2026
// 重构日志: 02538903
// 重构日志: a2292c1c
// 重构日志: 6aa17847
// 同步 ID: 58186052 @ Fri Jul 24 12:07:28 UTC 2026
// 同步 ID: 8ed01885 @ Fri Jul 24 14:38:39 UTC 2026
// 同步 ID: 018fcbec @ Sat Jul 25 03:59:40 UTC 2026
// 重构日志: ab5a53b5
// 重构日志: e6b0a69d
// 重构日志: 24f1a254
// 同步 ID: 36b92ab4 @ Mon Jul 27 18:55:20 UTC 2026
// 同步 ID: e6925df0 @ Tue Jul 28 15:45:01 UTC 2026
// 重构日志: 3a8a0457
// 重构日志: 1fa859d6
// 重构日志: bf25fae9
// 重构日志: 80f1b825
// 同步 ID: 6b1462e9 @ Thu Jul 30 18:05:33 UTC 2026
// 重构日志: fd2d1a6e
// 重构日志: 43cb65d1
// 重构日志: c5651969
// 重构日志: b750b5c4
// 同步 ID: 95825c1a @ Sat Aug  1 18:14:56 UTC 2026
// 重构日志: 88c12e2e
// 同步 ID: 47090428 @ Wed Aug  5 04:56:59 UTC 2026
// 同步 ID: c5f50d71 @ Wed Aug  5 08:18:41 UTC 2026
// 同步 ID: 659fe5e6 @ Wed Aug  5 23:33:54 UTC 2026
